[2024-03-16T17:56:27.256+0000][0.049s] Using G1
[2024-03-16T17:56:30.276+0000][3.069s] Version: 17.0.10+7 (release)
[2024-03-16T17:56:30.281+0000][3.074s] CPUs: 4 total, 4 available
[2024-03-16T17:56:30.285+0000][3.078s] Memory: 3868M
[2024-03-16T17:56:30.286+0000][3.079s] Large Page Support: Disabled
[2024-03-16T17:56:30.286+0000][3.079s] NUMA Support: Disabled
[2024-03-16T17:56:30.286+0000][3.079s] Compressed Oops: Enabled (32-bit)
[2024-03-16T17:56:30.287+0000][3.080s] Heap Region Size: 1M
[2024-03-16T17:56:30.287+0000][3.080s] Heap Min Capacity: 512M
[2024-03-16T17:56:30.287+0000][3.080s] Heap Initial Capacity: 512M
[2024-03-16T17:56:30.288+0000][3.081s] Heap Max Capacity: 512M
[2024-03-16T17:56:30.288+0000][3.081s] Pre-touch: Enabled
[2024-03-16T17:56:30.288+0000][3.081s] Parallel Workers: 4
[2024-03-16T17:56:30.289+0000][3.082s] Concurrent Workers: 1
[2024-03-16T17:56:30.289+0000][3.082s] Concurrent Refinement Workers: 4
[2024-03-16T17:56:30.289+0000][3.082s] Periodic GC: Disabled
[2024-03-16T17:56:30.430+0000][3.223s] CDS archive(s) mapped at: [0x00007f45b3000000-0x00007f45b3a5f000-0x00007f45b3a5f000), size 10874880, SharedBaseAddress: 0x00007f45b3000000, ArchiveRelocationMode: 1.
[2024-03-16T17:56:30.436+0000][3.229s] Compressed class space mapped at: 0x00007f45b4000000-0x00007f45f4000000, reserved size: 1073741824
[2024-03-16T17:56:30.437+0000][3.230s] Narrow klass base: 0x00007f45b3000000, Narrow klass shift: 0, Narrow klass range: 0x100000000
[2024-03-16T17:56:33.827+0000][6.619s] GC(0) Pause Young (Normal) (G1 Evacuation Pause)
[2024-03-16T17:56:33.828+0000][6.620s] GC(0) Using 4 workers of 4 for evacuation
[2024-03-16T17:56:33.838+0000][6.630s] GC(0)   Pre Evacuate Collection Set: 0.2ms
[2024-03-16T17:56:33.839+0000][6.631s] GC(0)   Merge Heap Roots: 0.7ms
[2024-03-16T17:56:33.839+0000][6.631s] GC(0)   Evacuate Collection Set: 6.7ms
[2024-03-16T17:56:33.839+0000][6.631s] GC(0)   Post Evacuate Collection Set: 1.5ms
[2024-03-16T17:56:33.840+0000][6.632s] GC(0)   Other: 3.2ms
[2024-03-16T17:56:33.840+0000][6.632s] GC(0) Eden regions: 25->0(36)
[2024-03-16T17:56:33.840+0000][6.632s] GC(0) Survivor regions: 0->4(4)
[2024-03-16T17:56:33.840+0000][6.632s] GC(0) Old regions: 0->0
[2024-03-16T17:56:33.841+0000][6.633s] GC(0) Archive regions: 2->2
[2024-03-16T17:56:33.841+0000][6.633s] GC(0) Humongous regions: 0->0
[2024-03-16T17:56:33.841+0000][6.633s] GC(0) Metaspace: 9208K(9408K)->9208K(9408K) NonClass: 8076K(8192K)->8076K(8192K) Class: 1132K(1216K)->1132K(1216K)
[2024-03-16T17:56:33.842+0000][6.634s] GC(0) Pause Young (Normal) (G1 Evacuation Pause) 25M->4M(512M) 15.135ms
[2024-03-16T17:56:33.842+0000][6.634s] GC(0) User=0.04s Sys=0.00s Real=0.01s
[2024-03-16T17:56:35.331+0000][8.123s] GC(1) Pause Young (Normal) (G1 Evacuation Pause)
[2024-03-16T17:56:35.331+0000][8.123s] GC(1) Using 4 workers of 4 for evacuation
[2024-03-16T17:56:35.379+0000][8.171s] GC(1)   Pre Evacuate Collection Set: 0.2ms
[2024-03-16T17:56:35.380+0000][8.172s] GC(1)   Merge Heap Roots: 0.1ms
[2024-03-16T17:56:35.380+0000][8.172s] GC(1)   Evacuate Collection Set: 46.7ms
[2024-03-16T17:56:35.380+0000][8.172s] GC(1)   Post Evacuate Collection Set: 0.8ms
[2024-03-16T17:56:35.380+0000][8.172s] GC(1)   Other: 0.9ms
[2024-03-16T17:56:35.381+0000][8.173s] GC(1) Eden regions: 32->0(34)
[2024-03-16T17:56:35.381+0000][8.173s] GC(1) Survivor regions: 4->5(5)
[2024-03-16T17:56:35.381+0000][8.173s] GC(1) Old regions: 0->9
[2024-03-16T17:56:35.381+0000][8.173s] GC(1) Archive regions: 2->2
[2024-03-16T17:56:35.382+0000][8.174s] GC(1) Humongous regions: 4->4
[2024-03-16T17:56:35.382+0000][8.174s] GC(1) Metaspace: 17571K(17792K)->17571K(17792K) NonClass: 15391K(15488K)->15391K(15488K) Class: 2180K(2304K)->2180K(2304K)
[2024-03-16T17:56:35.382+0000][8.174s] GC(1) Pause Young (Normal) (G1 Evacuation Pause) 40M->17M(512M) 51.537ms
[2024-03-16T17:56:35.382+0000][8.174s] GC(1) User=0.19s Sys=0.00s Real=0.05s
[2024-03-16T17:56:36.087+0000][8.879s] GC(2) Pause Young (Normal) (G1 Evacuation Pause)
[2024-03-16T17:56:36.088+0000][8.880s] GC(2) Using 4 workers of 4 for evacuation
[2024-03-16T17:56:36.107+0000][8.899s] GC(2)   Pre Evacuate Collection Set: 0.2ms
[2024-03-16T17:56:36.108+0000][8.900s] GC(2)   Merge Heap Roots: 0.1ms
[2024-03-16T17:56:36.108+0000][8.900s] GC(2)   Evacuate Collection Set: 18.0ms
[2024-03-16T17:56:36.108+0000][8.900s] GC(2)   Post Evacuate Collection Set: 0.9ms
[2024-03-16T17:56:36.108+0000][8.900s] GC(2)   Other: 0.9ms
[2024-03-16T17:56:36.109+0000][8.901s] GC(2) Eden regions: 34->0(46)
[2024-03-16T17:56:36.109+0000][8.901s] GC(2) Survivor regions: 5->5(5)
[2024-03-16T17:56:36.109+0000][8.901s] GC(2) Old regions: 9->14
[2024-03-16T17:56:36.110+0000][8.902s] GC(2) Archive regions: 2->2
[2024-03-16T17:56:36.110+0000][8.902s] GC(2) Humongous regions: 4->4
[2024-03-16T17:56:36.111+0000][8.902s] GC(2) Metaspace: 17947K(18176K)->17947K(18176K) NonClass: 15735K(15872K)->15735K(15872K) Class: 2211K(2304K)->2211K(2304K)
[2024-03-16T17:56:36.111+0000][8.903s] GC(2) Pause Young (Normal) (G1 Evacuation Pause) 51M->23M(512M) 23.556ms
[2024-03-16T17:56:36.111+0000][8.903s] GC(2) User=0.07s Sys=0.00s Real=0.02s
[2024-03-16T17:56:36.996+0000][9.788s] GC(3) Pause Young (Concurrent Start) (Metadata GC Threshold)
[2024-03-16T17:56:36.997+0000][9.789s] GC(3) Using 4 workers of 4 for evacuation
[2024-03-16T17:56:37.011+0000][9.803s] GC(3)   Pre Evacuate Collection Set: 0.2ms
[2024-03-16T17:56:37.012+0000][9.804s] GC(3)   Merge Heap Roots: 0.1ms
[2024-03-16T17:56:37.012+0000][9.804s] GC(3)   Evacuate Collection Set: 13.0ms
[2024-03-16T17:56:37.012+0000][9.804s] GC(3)   Post Evacuate Collection Set: 0.7ms
[2024-03-16T17:56:37.013+0000][9.805s] GC(3)   Other: 1.3ms
[2024-03-16T17:56:37.013+0000][9.805s] GC(3) Eden regions: 21->0(77)
[2024-03-16T17:56:37.013+0000][9.805s] GC(3) Survivor regions: 5->2(7)
[2024-03-16T17:56:37.013+0000][9.805s] GC(3) Old regions: 14->19
[2024-03-16T17:56:37.014+0000][9.806s] GC(3) Archive regions: 2->2
[2024-03-16T17:56:37.014+0000][9.806s] GC(3) Humongous regions: 4->4
[2024-03-16T17:56:37.014+0000][9.806s] GC(3) Metaspace: 21212K(21504K)->21212K(21504K) NonClass: 18599K(18752K)->18599K(18752K) Class: 2613K(2752K)->2613K(2752K)
[2024-03-16T17:56:37.015+0000][9.807s] GC(3) Pause Young (Concurrent Start) (Metadata GC Threshold) 44M->24M(512M) 18.469ms
[2024-03-16T17:56:37.015+0000][9.807s] GC(3) User=0.04s Sys=0.00s Real=0.02s
[2024-03-16T17:56:37.015+0000][9.807s] GC(4) Concurrent Mark Cycle
[2024-03-16T17:56:37.015+0000][9.807s] GC(4) Concurrent Clear Claimed Marks
[2024-03-16T17:56:37.016+0000][9.808s] GC(4) Concurrent Clear Claimed Marks 0.767ms
[2024-03-16T17:56:37.017+0000][9.809s] GC(4) Concurrent Scan Root Regions
[2024-03-16T17:56:37.019+0000][9.811s] GC(4) Concurrent Scan Root Regions 2.587ms
[2024-03-16T17:56:37.020+0000][9.812s] GC(4) Concurrent Mark
[2024-03-16T17:56:37.020+0000][9.812s] GC(4) Concurrent Mark From Roots
[2024-03-16T17:56:37.021+0000][9.813s] GC(4) Using 1 workers of 1 for marking
[2024-03-16T17:56:37.064+0000][9.855s] GC(4) Concurrent Mark From Roots 43.330ms
[2024-03-16T17:56:37.064+0000][9.856s] GC(4) Concurrent Preclean
[2024-03-16T17:56:37.065+0000][9.857s] GC(4) Concurrent Preclean 0.571ms
[2024-03-16T17:56:37.065+0000][9.857s] GC(4) Pause Remark
[2024-03-16T17:56:37.069+0000][9.861s] GC(4) Pause Remark 27M->27M(512M) 3.864ms
[2024-03-16T17:56:37.069+0000][9.861s] GC(4) User=0.01s Sys=0.00s Real=0.00s
[2024-03-16T17:56:37.070+0000][9.862s] GC(4) Concurrent Mark 50.119ms
[2024-03-16T17:56:37.070+0000][9.862s] GC(4) Concurrent Rebuild Remembered Sets
[2024-03-16T17:56:37.096+0000][9.888s] GC(4) Concurrent Rebuild Remembered Sets 25.945ms
[2024-03-16T17:56:37.097+0000][9.889s] GC(4) Pause Cleanup
[2024-03-16T17:56:37.097+0000][9.889s] GC(4) Pause Cleanup 27M->27M(512M) 0.552ms
[2024-03-16T17:56:37.097+0000][9.889s] GC(4) User=0.00s Sys=0.00s Real=0.00s
[2024-03-16T17:56:37.098+0000][9.890s] GC(4) Concurrent Cleanup for Next Mark
[2024-03-16T17:56:37.101+0000][9.893s] GC(4) Concurrent Cleanup for Next Mark 3.629ms
[2024-03-16T17:56:37.102+0000][9.894s] GC(4) Concurrent Mark Cycle 86.766ms
[2024-03-16T17:56:39.999+0000][12.791s] GC(5) Pause Young (Normal) (G1 Evacuation Pause)
[2024-03-16T17:56:40.000+0000][12.792s] GC(5) Using 4 workers of 4 for evacuation
[2024-03-16T17:56:40.012+0000][12.804s] GC(5)   Pre Evacuate Collection Set: 0.2ms
[2024-03-16T17:56:40.012+0000][12.804s] GC(5)   Merge Heap Roots: 0.1ms
[2024-03-16T17:56:40.012+0000][12.804s] GC(5)   Evacuate Collection Set: 9.6ms
[2024-03-16T17:56:40.013+0000][12.805s] GC(5)   Post Evacuate Collection Set: 1.3ms
[2024-03-16T17:56:40.013+0000][12.805s] GC(5)   Other: 1.0ms
[2024-03-16T17:56:40.013+0000][12.805s] GC(5) Eden regions: 83->0(301)
[2024-03-16T17:56:40.013+0000][12.805s] GC(5) Survivor regions: 2->6(11)
[2024-03-16T17:56:40.014+0000][12.806s] GC(5) Old regions: 19->19
[2024-03-16T17:56:40.014+0000][12.806s] GC(5) Archive regions: 2->2
[2024-03-16T17:56:40.014+0000][12.806s] GC(5) Humongous regions: 4->4
[2024-03-16T17:56:40.015+0000][12.806s] GC(5) Metaspace: 34100K(34496K)->34100K(34496K) NonClass: 29834K(30080K)->29834K(30080K) Class: 4266K(4416K)->4266K(4416K)
[2024-03-16T17:56:40.015+0000][12.807s] GC(5) Pause Young (Normal) (G1 Evacuation Pause) 107M->29M(512M) 15.409ms
[2024-03-16T17:56:40.015+0000][12.807s] GC(5) User=0.05s Sys=0.00s Real=0.02s
[2024-03-16T17:56:40.768+0000][13.560s] GC(6) Pause Young (Concurrent Start) (Metadata GC Threshold)
[2024-03-16T17:56:40.768+0000][13.560s] GC(6) Using 4 workers of 4 for evacuation
[2024-03-16T17:56:40.779+0000][13.571s] GC(6)   Pre Evacuate Collection Set: 0.2ms
[2024-03-16T17:56:40.779+0000][13.571s] GC(6)   Merge Heap Roots: 0.1ms
[2024-03-16T17:56:40.779+0000][13.571s] GC(6)   Evacuate Collection Set: 8.3ms
[2024-03-16T17:56:40.780+0000][13.572s] GC(6)   Post Evacuate Collection Set: 1.4ms
[2024-03-16T17:56:40.780+0000][13.572s] GC(6)   Other: 1.1ms
[2024-03-16T17:56:40.780+0000][13.572s] GC(6) Eden regions: 16->0(300)
[2024-03-16T17:56:40.781+0000][13.573s] GC(6) Survivor regions: 6->7(39)
[2024-03-16T17:56:40.781+0000][13.573s] GC(6) Old regions: 19->19
[2024-03-16T17:56:40.781+0000][13.573s] GC(6) Archive regions: 2->2
[2024-03-16T17:56:40.782+0000][13.574s] GC(6) Humongous regions: 4->4
[2024-03-16T17:56:40.782+0000][13.574s] GC(6) Metaspace: 35996K(36416K)->35996K(36416K) NonClass: 31491K(31680K)->31491K(31680K) Class: 4504K(4736K)->4504K(4736K)
[2024-03-16T17:56:40.782+0000][13.574s] GC(6) Pause Young (Concurrent Start) (Metadata GC Threshold) 45M->30M(512M) 14.740ms
[2024-03-16T17:56:40.783+0000][13.575s] GC(6) User=0.03s Sys=0.00s Real=0.01s
[2024-03-16T17:56:40.783+0000][13.575s] GC(7) Concurrent Mark Cycle
[2024-03-16T17:56:40.784+0000][13.576s] GC(7) Concurrent Clear Claimed Marks
[2024-03-16T17:56:40.784+0000][13.576s] GC(7) Concurrent Clear Claimed Marks 0.419ms
[2024-03-16T17:56:40.785+0000][13.577s] GC(7) Concurrent Scan Root Regions
[2024-03-16T17:56:40.800+0000][13.592s] GC(7) Concurrent Scan Root Regions 15.335ms
[2024-03-16T17:56:40.801+0000][13.593s] GC(7) Concurrent Mark
[2024-03-16T17:56:40.801+0000][13.593s] GC(7) Concurrent Mark From Roots
[2024-03-16T17:56:40.802+0000][13.594s] GC(7) Using 1 workers of 1 for marking
[2024-03-16T17:56:40.862+0000][13.654s] GC(7) Concurrent Mark From Roots 60.821ms
[2024-03-16T17:56:40.863+0000][13.655s] GC(7) Concurrent Preclean
[2024-03-16T17:56:40.866+0000][13.658s] GC(7) Concurrent Preclean 2.440ms
[2024-03-16T17:56:40.866+0000][13.658s] GC(7) Pause Remark
[2024-03-16T17:56:40.873+0000][13.665s] GC(7) Pause Remark 32M->32M(512M) 6.849ms
[2024-03-16T17:56:40.874+0000][13.665s] GC(7) User=0.02s Sys=0.00s Real=0.01s
[2024-03-16T17:56:40.874+0000][13.666s] GC(7) Concurrent Mark 73.227ms
[2024-03-16T17:56:40.874+0000][13.666s] GC(7) Concurrent Rebuild Remembered Sets
[2024-03-16T17:56:40.898+0000][13.690s] GC(7) Concurrent Rebuild Remembered Sets 23.523ms
[2024-03-16T17:56:40.898+0000][13.690s] GC(7) Pause Cleanup
[2024-03-16T17:56:40.899+0000][13.691s] GC(7) Pause Cleanup 33M->33M(512M) 0.587ms
[2024-03-16T17:56:40.899+0000][13.691s] GC(7) User=0.00s Sys=0.00s Real=0.00s
[2024-03-16T17:56:40.900+0000][13.692s] GC(7) Concurrent Cleanup for Next Mark
[2024-03-16T17:56:40.901+0000][13.693s] GC(7) Concurrent Cleanup for Next Mark 1.324ms
[2024-03-16T17:56:40.901+0000][13.693s] GC(7) Concurrent Mark Cycle 118.177ms
[2024-03-16T19:00:47.516+0000][3860.492s] Heap
[2024-03-16T19:00:47.525+0000][3860.502s]  garbage-first heap   total 524288K, used 261314K [0x00000000e0000000, 0x0000000100000000)
[2024-03-16T19:00:47.525+0000][3860.502s]   region size 1024K, 232 young (237568K), 7 survivors (7168K)
[2024-03-16T19:00:47.526+0000][3860.503s]  Metaspace       used 53846K, committed 54336K, reserved 1114112K
[2024-03-16T19:00:47.527+0000][3860.503s]   class space    used 6855K, committed 7104K, reserved 1048576K
